exports[`App component can be snapshot 1`] = `
<div
  className="app">
  <div
    className="app-header">
    <img
      alt="logo"
      className="app-logo"
      src="test-file-stub" />
    <h2>
      Welcome to React
    </h2>
  </div>
  <p
    className="app-introduction">
    To get started, edit 
    <code>
      src/App.js
    </code>
     and save to reload.
  </p>
</div>
`;
